pakala_default_sensors.json
pakala_dynamic_sensors.json
pakala_dynamic_sensors_template.json
pakala_irq.json
pakala_power_0.json
pakala_ak991x_0.json
pakala_ak991x_1.json
pakala_ak991x_4.json
pakala_ak991x_10.json
akmlib.json
pakala_lps22df_0.json
pakala_bmp5_1.json
pakala_lsm6dsv_0_0.json
pakala_tmd4914_0.json
lsm6dsv_0.json

sns_gyro_cal.json

sns_amd.json
sns_amd_sw_disabled.json
sns_amd_sw_enabled.json
sns_cm.json
sns_dae.json
sns_diag_filter.json
sns_fmv.json
sns_fmv_legacy.json
sns_gyro_cal.json
sns_mag_cal.json
sns_mag_cal_legacy.json
sns_rotv.json
sns_tilt.json
sns_tilt_sw_disabled.json
sns_tilt_sw_enabled.json
